exports[`change password form should render the snapshot 1`] = `
<div
  className="content">
  <h1
    className="formHeading">
    Change your password
  </h1>
  <div
    className="form">
    <div
      className="formGroup">
      <label
        className="label"
        htmlFor="currentPassword">
        Current password
      </label>
      <div
        className="inputWrapper">
        <input
          autoComplete="off"
          autoFocus={true}
          className="control"
          name="currentPassword"
          onBlur={[Function]}
          onChange={[Function]}
          onDragStart={[Function]}
          onDrop={[Function]}
          onFocus={[Function]}
          onKeyDown={[Function]}
          type="password"
          value="" />
        <div />
      </div>
    </div>
    <br />
    <div
      className="formGroup">
      <label
        className="label"
        htmlFor="newPassword">
        New password
      </label>
      <div
        className="inputWrapper">
        <input
          autoComplete="off"
          className="control"
          name="newPassword"
          onBlur={[Function]}
          onChange={[Function]}
          onDragStart={[Function]}
          onDrop={[Function]}
          onFocus={[Function]}
          onKeyDown={[Function]}
          type="password"
          value="" />
        <div />
      </div>
    </div>
    <div
      className="buttonGroup">
      <button
        className="changePasswordButton"
        disabled={true}
        onClick={[Function]}>
        Change password
      </button>
      <a
        className="cancelButton"
        onClick={[Function]}
        style={Object {}}>
        Cancel
      </a>
    </div>
  </div>
</div>
`;
