exports[`business details form should render the snapshot 1`] = `
<div
  className="content">
  <h1
    className="formHeading">
    Business details
  </h1>
  <div
    className="form">
    <div
      className="formGroup">
      <label
        className="label"
        htmlFor="displayName">
        Business name
         
        <span
          className="iconRequired">
          ⋆
        </span>
      </label>
      <div
        className="inputWrapper">
        <input
          autoComplete="off"
          autoFocus={true}
          className="control"
          name="displayName"
          onBlur={[Function]}
          onChange={[Function]}
          onDragStart={[Function]}
          onDrop={[Function]}
          onFocus={[Function]}
          onKeyDown={[Function]}
          type="text"
          value="" />
        <div />
      </div>
    </div>
    <div
      className="formGroup">
      <label
        className="label"
        htmlFor="description">
        Description
      </label>
      <div
        className="inputWrapper">
        <textarea
          className="control"
          name="description"
          onBlur={[Function]}
          onChange={[Function]}
          onDragStart={[Function]}
          onDrop={[Function]}
          onFocus={[Function]}
          rows={5}
          style={
            Object {
              "resize": "none",
            }
          }
          value="" />
      </div>
    </div>
    <div
      className="formGroup">
      <label
        className="label"
        htmlFor="url">
        Web site
      </label>
      <div
        className="inputWrapper">
        <input
          className="control"
          name="url"
          onBlur={[Function]}
          onChange={[Function]}
          onDragStart={[Function]}
          onDrop={[Function]}
          onFocus={[Function]}
          onKeyDown={[Function]}
          value="" />
        <div />
      </div>
    </div>
    <div
      className="formGroup">
      <label
        className="label"
        htmlFor="country">
        Country
         
        <span
          className="iconRequired">
          ⋆
        </span>
      </label>
      <div
        className="inputWrapper">
        <select
          className="control"
          disabled={true}
          name="country"
          onBlur={[Function]}
          onChange={[Function]}
          onDragStart={[Function]}
          onDrop={[Function]}
          onFocus={[Function]}
          onKeyDown={[Function]}
          value="">
          <option
            value="US">
            United States
          </option>
        </select>
        <div />
      </div>
    </div>
    <div
      className="formGroup">
      <label
        className="label"
        htmlFor="addressLine1">
        Address line 1
      </label>
      <div
        className="inputWrapper">
        <input
          className="control"
          name="addressLine1"
          onBlur={[Function]}
          onChange={[Function]}
          onDragStart={[Function]}
          onDrop={[Function]}
          onFocus={[Function]}
          onKeyDown={[Function]}
          value="" />
        <div />
      </div>
    </div>
    <div
      className="formGroup">
      <label
        className="label"
        htmlFor="addressLine2">
        Address line 2
      </label>
      <div
        className="inputWrapper">
        <input
          className="control"
          name="addressLine2"
          onBlur={[Function]}
          onChange={[Function]}
          onDragStart={[Function]}
          onDrop={[Function]}
          onFocus={[Function]}
          onKeyDown={[Function]}
          value="" />
        <div />
      </div>
    </div>
    <div
      className="formGroup">
      <label
        className="label"
        htmlFor="city">
        City
      </label>
      <div
        className="inputWrapper">
        <input
          className="control"
          name="city"
          onBlur={[Function]}
          onChange={[Function]}
          onDragStart={[Function]}
          onDrop={[Function]}
          onFocus={[Function]}
          onKeyDown={[Function]}
          value="" />
        <div />
      </div>
    </div>
    <div
      className="formGroup">
      <label
        className="label"
        htmlFor="stateProvince">
        State / Province
      </label>
      <div
        className="inputWrapper">
        <input
          className="control width15Percent"
          name="stateProvince"
          onBlur={[Function]}
          onChange={[Function]}
          onDragStart={[Function]}
          onDrop={[Function]}
          onFocus={[Function]}
          onKeyDown={[Function]}
          value="" />
        <div />
      </div>
    </div>
    <div
      className="formGroup">
      <label
        className="label"
        htmlFor="postalCode">
        ZIP / Postalcode
      </label>
      <div
        className="inputWrapper">
        <input
          className="control width15Percent"
          name="postalCode"
          onBlur={[Function]}
          onChange={[Function]}
          onDragStart={[Function]}
          onDrop={[Function]}
          onFocus={[Function]}
          onKeyDown={[Function]}
          value="" />
        <div />
      </div>
    </div>
    <div
      className="formGroup">
      <label
        className="label"
        htmlFor="phone">
        Phone
      </label>
      <div
        className="inputWrapper">
        <input
          className="control"
          name="phone"
          onBlur={[Function]}
          onChange={[Function]}
          onDragStart={[Function]}
          onDrop={[Function]}
          onFocus={[Function]}
          onKeyDown={[Function]}
          value="" />
        <div />
      </div>
    </div>
    <div
      className="formGroup">
      <label
        className="label"
        htmlFor="taxId">
        Tax ID
      </label>
      <div
        className="inputWrapper">
        <input
          className="control"
          name="taxId"
          onBlur={[Function]}
          onChange={[Function]}
          onDragStart={[Function]}
          onDrop={[Function]}
          onFocus={[Function]}
          onKeyDown={[Function]}
          value="" />
        <div />
      </div>
    </div>
    <button
      className="saveButton"
      disabled={true}
      onClick={[Function]}>
      Save
    </button>
  </div>
</div>
`;
